// Jest Snapshot v1, https://goo.gl/fbAQLP

exports[`page renders correctly 1`] = `
<div
  className="App"
>
  <header
    className="App-header"
  >
    <h3>
      Fetch a Pokemon
    </h3>
    <br />
    <button
      className="StyledButton"
      onClick={[Function]}
    >
      Fetch Pokemon
    </button>
  </header>
</div>
`;
